// Jest Snapshot v1, https://goo.gl/fbAQLP

exports[`test MOnthPicker component should render the component to match snapshot 1`] = `
<MonthPicker
  month={5}
  onChange={[MockFunction]}
  year={2020}
>
  <div
    className="dropdown month-picker-component"
  >
    <h4>
      选择月份
    </h4>
    <button
      className="btn btn-lg btn-secondary dropdown-toggle"
      onClick={[Function]}
    >
      2020年05月
    </button>
  </div>
</MonthPicker>
`;
